../Core/Src/main.c:137:5:_write	24	static
../Core/Src/main.c:142:6:configureTimerForRunTimeStats	8	static
../Core/Src/main.c:148:15:getRunTimeCounterValue	4	static
../Core/Src/main.c:160:5:main	8	static
../Core/Src/main.c:221:6:SystemClock_Config	96	static
../Core/Src/main.c:283:6:PeriphCommonClock_Config	144	static
../Core/Src/main.c:310:13:MX_DFSDM1_Init	8	static
../Core/Src/main.c:348:13:MX_I2C2_Init	8	static
../Core/Src/main.c:396:13:MX_QUADSPI_Init	8	static
../Core/Src/main.c:429:13:MX_RNG_Init	8	static
../Core/Src/main.c:455:13:MX_RTC_Init	8	static
../Core/Src/main.c:491:13:MX_SPI3_Init	8	static
../Core/Src/main.c:531:13:MX_TIM7_Init	24	static
../Core/Src/main.c:569:13:MX_USART1_UART_Init	8	static
../Core/Src/main.c:604:13:MX_USART3_UART_Init	8	static
../Core/Src/main.c:639:13:MX_USB_OTG_FS_PCD_Init	8	static
../Core/Src/main.c:674:13:MX_GPIO_Init	48	static
../Core/Src/main.c:864:6:Led_SetState	16	static
../Core/Src/main.c:881:6:Led_Blink	24	static
../Core/Src/main.c:911:6:SPI3_IRQHandler	8	static
../Core/Src/main.c:922:5:network_rd	32	static
../Core/Src/main.c:944:5:network_wr	32	static
../Core/Src/main.c:970:6:HAL_TIM_PeriodElapsedCallback	16	static
../Core/Src/main.c:995:6:Error_Handler	4	static,ignoring_inline_asm
