../Drivers/BSP/Components/es_wifi/es_wifi.c:90:17:Hex2Num	16	static
../Drivers/BSP/Components/es_wifi/es_wifi.c:109:17:ParseHexNumber	24	static
../Drivers/BSP/Components/es_wifi/es_wifi.c:133:16:ParseNumber	24	static
../Drivers/BSP/Components/es_wifi/es_wifi.c:163:13:ParseMAC	24	static
../Drivers/BSP/Components/es_wifi/es_wifi.c:183:14:ParseIP	24	static
../Drivers/BSP/Components/es_wifi/es_wifi.c:202:31:ParseSecurity	16	static
../Drivers/BSP/Components/es_wifi/es_wifi.c:219:13:AT_ParseInfo	24	static
../Drivers/BSP/Components/es_wifi/es_wifi.c:269:13:AT_ParseAP	32	static
../Drivers/BSP/Components/es_wifi/es_wifi.c:369:13:AT_ParseSystemConfig	24	static
../Drivers/BSP/Components/es_wifi/es_wifi.c:436:13:AT_ParseConnSettings	24	static
../Drivers/BSP/Components/es_wifi/es_wifi.c:511:13:AT_ParseTransportSettings	24	static
../Drivers/BSP/Components/es_wifi/es_wifi.c:578:13:AT_ParseIsConnected	16	static
../Drivers/BSP/Components/es_wifi/es_wifi.c:590:25:AT_ExecuteCommand	40	static
../Drivers/BSP/Components/es_wifi/es_wifi.c:635:25:AT_RequestSendData	32	static
../Drivers/BSP/Components/es_wifi/es_wifi.c:698:25:AT_RequestReceiveData	40	static
../Drivers/BSP/Components/es_wifi/es_wifi.c:755:19:ES_WIFI_Init	24	static
../Drivers/BSP/Components/es_wifi/es_wifi.c:782:19:ES_WIFI_GetProductID	16	static
../Drivers/BSP/Components/es_wifi/es_wifi.c:794:19:ES_WIFI_GetFWRevID	16	static
../Drivers/BSP/Components/es_wifi/es_wifi.c:806:19:ES_WIFI_GetProductName	16	static
../Drivers/BSP/Components/es_wifi/es_wifi.c:818:19:ES_WIFI_GetAPIRev	16	static
../Drivers/BSP/Components/es_wifi/es_wifi.c:830:19:ES_WIFI_GetStackRev	16	static
../Drivers/BSP/Components/es_wifi/es_wifi.c:842:19:ES_WIFI_GetRTOSRev	16	static
../Drivers/BSP/Components/es_wifi/es_wifi.c:854:19:ES_WIFI_RegisterBusIO	24	static
../Drivers/BSP/Components/es_wifi/es_wifi.c:880:19:ES_WIFI_SetTimeout	16	static
../Drivers/BSP/Components/es_wifi/es_wifi.c:892:19:ES_WIFI_ListAccessPoints	24	static
../Drivers/BSP/Components/es_wifi/es_wifi.c:914:18:ES_WIFI_Connect	32	static
../Drivers/BSP/Components/es_wifi/es_wifi.c:953:9:ES_WIFI_IsConnected	24	static
../Drivers/BSP/Components/es_wifi/es_wifi.c:972:18:ES_WIFI_Disconnect	24	static
../Drivers/BSP/Components/es_wifi/es_wifi.c:987:18:ES_WIFI_GetNetworkSettings	24	static
../Drivers/BSP/Components/es_wifi/es_wifi.c:1012:18:ES_WIFI_ActivateAP	24	static
../Drivers/BSP/Components/es_wifi/es_wifi.c:1066:19:ES_WIFI_WaitAPStateChange	24	static
../Drivers/BSP/Components/es_wifi/es_wifi.c:1134:18:ES_WIFI_GetMACAddress	24	static
../Drivers/BSP/Components/es_wifi/es_wifi.c:1157:18:ES_WIFI_GetIPAddress	16	static
../Drivers/BSP/Components/es_wifi/es_wifi.c:1169:18:ES_WIFI_SetMACAddress	56	static
../Drivers/BSP/Components/es_wifi/es_wifi.c:1190:18:ES_WIFI_ResetToFactoryDefault	24	static
../Drivers/BSP/Components/es_wifi/es_wifi.c:1205:18:ES_WIFI_ResetModule	32	static
../Drivers/BSP/Components/es_wifi/es_wifi.c:1229:18:ES_WIFI_HardResetModule	24	static
../Drivers/BSP/Components/es_wifi/es_wifi.c:1244:18:ES_WIFI_SetProductName	24	static
../Drivers/BSP/Components/es_wifi/es_wifi.c:1329:18:ES_WIFI_GetSystemConfig	24	static
../Drivers/BSP/Components/es_wifi/es_wifi.c:1351:18:ES_WIFI_Ping	48	static
../Drivers/BSP/Components/es_wifi/es_wifi.c:1389:18:ES_WIFI_DNS_LookUp	32	static
../Drivers/BSP/Components/es_wifi/es_wifi.c:1414:18:ES_WIFI_StartClientConnection	40	static
../Drivers/BSP/Components/es_wifi/es_wifi.c:1463:18:ES_WIFI_StopClientConnection	24	static
../Drivers/BSP/Components/es_wifi/es_wifi.c:1551:18:ES_WIFI_StartServerSingleConn	24	static
../Drivers/BSP/Components/es_wifi/es_wifi.c:1617:19:ES_WIFI_WaitServerConnection	48	static
../Drivers/BSP/Components/es_wifi/es_wifi.c:1705:18:ES_WIFI_CloseServerConnection	24	static
../Drivers/BSP/Components/es_wifi/es_wifi.c:1736:18:ES_WIFI_StopServerSingleConn	24	static
../Drivers/BSP/Components/es_wifi/es_wifi.c:1769:18:ES_WIFI_StartServerMultiConn	24	static
../Drivers/BSP/Components/es_wifi/es_wifi.c:1830:18:ES_WIFI_StopServerMultiConn	24	static
../Drivers/BSP/Components/es_wifi/es_wifi.c:1890:18:ES_WIFI_SendData	40	static
../Drivers/BSP/Components/es_wifi/es_wifi.c:1940:19:ES_WIFI_SendDataTo	48	static
../Drivers/BSP/Components/es_wifi/es_wifi.c:2026:18:ES_WIFI_ReceiveData	40	static
../Drivers/BSP/Components/es_wifi/es_wifi.c:2075:19:ES_WIFI_ReceiveDataFrom	56	static
