../Middleware/cJSON/cJSON.c:55:28:cJSON_GetErrorPtr	4	static
../Middleware/cJSON/cJSON.c:65:27:cJSON_Version	16	static
../Middleware/cJSON/cJSON.c:74:12:case_insensitive_strcmp	24	static
../Middleware/cJSON/cJSON.c:106:23:cJSON_strdup	24	static
../Middleware/cJSON/cJSON.c:127:20:cJSON_InitHooks	16	static
../Middleware/cJSON/cJSON.c:159:15:cJSON_New_Item	24	static
../Middleware/cJSON/cJSON.c:171:20:cJSON_Delete	24	static
../Middleware/cJSON/cJSON.c:195:22:get_decimal_point	16	static
../Middleware/cJSON/cJSON.c:220:19:parse_number	104	static
../Middleware/cJSON/cJSON.c:297:22:cJSON_SetNumberHelper	24	static
../Middleware/cJSON/cJSON.c:327:23:ensure	24	static
../Middleware/cJSON/cJSON.c:407:13:update_offset	32	static
../Middleware/cJSON/cJSON.c:420:19:print_number	80	static
../Middleware/cJSON/cJSON.c:486:17:parse_hex4	24	static
../Middleware/cJSON/cJSON.c:523:22:utf16_literal_to_utf8	48	static
../Middleware/cJSON/cJSON.c:644:19:parse_string	48	static
../Middleware/cJSON/cJSON.c:773:19:print_string_ptr	40	static
../Middleware/cJSON/cJSON.c:895:19:print_string	16	static
../Middleware/cJSON/cJSON.c:909:22:buffer_skip_whitespace	16	static
../Middleware/cJSON/cJSON.c:930:23:cJSON_ParseWithOpts	64	static
../Middleware/cJSON/cJSON.c:1012:23:cJSON_Parse	16	static
../Middleware/cJSON/cJSON.c:1019:23:print	64	static
../Middleware/cJSON/cJSON.c:1082:22:cJSON_Print	16	static
../Middleware/cJSON/cJSON.c:1087:22:cJSON_PrintUnformatted	16	static
../Middleware/cJSON/cJSON.c:1092:22:cJSON_PrintBuffered	64	static
../Middleware/cJSON/cJSON.c:1121:26:cJSON_PrintPreallocated	64	static
../Middleware/cJSON/cJSON.c:1141:19:parse_value	16	static
../Middleware/cJSON/cJSON.c:1197:19:print_value	24	static
../Middleware/cJSON/cJSON.c:1275:19:parse_array	32	static
../Middleware/cJSON/cJSON.c:1369:19:print_array	32	static
../Middleware/cJSON/cJSON.c:1431:19:parse_object	32	static
../Middleware/cJSON/cJSON.c:1540:19:print_object	40	static
../Middleware/cJSON/cJSON.c:1654:19:cJSON_GetArraySize	24	static
../Middleware/cJSON/cJSON.c:1669:15:get_array_item	24	static
../Middleware/cJSON/cJSON.c:1688:23:cJSON_GetArrayItem	16	static
../Middleware/cJSON/cJSON.c:1698:15:get_object_item	32	static
../Middleware/cJSON/cJSON.c:1726:23:cJSON_GetObjectItem	16	static
../Middleware/cJSON/cJSON.c:1731:23:cJSON_GetObjectItemCaseSensitive	16	static
../Middleware/cJSON/cJSON.c:1736:26:cJSON_HasObjectItem	16	static
../Middleware/cJSON/cJSON.c:1742:13:suffix_object	16	static
../Middleware/cJSON/cJSON.c:1749:15:create_reference	24	static
../Middleware/cJSON/cJSON.c:1764:20:cJSON_AddItemToArray	24	static
../Middleware/cJSON/cJSON.c:1791:20:cJSON_AddItemToObject	24	static
../Middleware/cJSON/cJSON.c:1807:20:cJSON_AddItemToObjectCS	24	static
../Middleware/cJSON/cJSON.c:1825:20:cJSON_AddItemReferenceToArray	16	static
../Middleware/cJSON/cJSON.c:1830:20:cJSON_AddItemReferenceToObject	24	static
../Middleware/cJSON/cJSON.c:1835:23:cJSON_DetachItemViaPointer	16	static
../Middleware/cJSON/cJSON.c:1865:23:cJSON_DetachItemFromArray	16	static
../Middleware/cJSON/cJSON.c:1875:20:cJSON_DeleteItemFromArray	16	static
../Middleware/cJSON/cJSON.c:1880:23:cJSON_DetachItemFromObject	24	static
../Middleware/cJSON/cJSON.c:1887:23:cJSON_DetachItemFromObjectCaseSensitive	24	static
../Middleware/cJSON/cJSON.c:1894:20:cJSON_DeleteItemFromObject	16	static
../Middleware/cJSON/cJSON.c:1899:20:cJSON_DeleteItemFromObjectCaseSensitive	16	static
../Middleware/cJSON/cJSON.c:1905:20:cJSON_InsertItemInArray	32	static
../Middleware/cJSON/cJSON.c:1934:26:cJSON_ReplaceItemViaPointer	24	static
../Middleware/cJSON/cJSON.c:1969:20:cJSON_ReplaceItemInArray	24	static
../Middleware/cJSON/cJSON.c:1979:20:cJSON_ReplaceItemInObject	24	static
../Middleware/cJSON/cJSON.c:1984:20:cJSON_ReplaceItemInObjectCaseSensitive	24	static
../Middleware/cJSON/cJSON.c:1990:23:cJSON_CreateNull	16	static
../Middleware/cJSON/cJSON.c:2001:23:cJSON_CreateTrue	16	static
../Middleware/cJSON/cJSON.c:2012:23:cJSON_CreateFalse	16	static
../Middleware/cJSON/cJSON.c:2023:23:cJSON_CreateBool	24	static
../Middleware/cJSON/cJSON.c:2034:23:cJSON_CreateNumber	24	static
../Middleware/cJSON/cJSON.c:2060:23:cJSON_CreateString	24	static
../Middleware/cJSON/cJSON.c:2077:23:cJSON_CreateRaw	24	static
../Middleware/cJSON/cJSON.c:2094:23:cJSON_CreateArray	16	static
../Middleware/cJSON/cJSON.c:2105:23:cJSON_CreateObject	16	static
../Middleware/cJSON/cJSON.c:2117:23:cJSON_CreateIntArray	32	static
../Middleware/cJSON/cJSON.c:2152:23:cJSON_CreateFloatArray	32	static
../Middleware/cJSON/cJSON.c:2188:23:cJSON_CreateDoubleArray	32	static
../Middleware/cJSON/cJSON.c:2224:23:cJSON_CreateStringArray	32	static
../Middleware/cJSON/cJSON.c:2261:23:cJSON_Duplicate	32	static
../Middleware/cJSON/cJSON.c:2340:20:cJSON_Minify	24	static
../Middleware/cJSON/cJSON.c:2404:26:cJSON_IsInvalid	16	static
../Middleware/cJSON/cJSON.c:2414:26:cJSON_IsFalse	16	static
../Middleware/cJSON/cJSON.c:2424:26:cJSON_IsTrue	16	static
../Middleware/cJSON/cJSON.c:2435:26:cJSON_IsBool	16	static
../Middleware/cJSON/cJSON.c:2444:26:cJSON_IsNull	16	static
../Middleware/cJSON/cJSON.c:2454:26:cJSON_IsNumber	16	static
../Middleware/cJSON/cJSON.c:2464:26:cJSON_IsString	16	static
../Middleware/cJSON/cJSON.c:2474:26:cJSON_IsArray	16	static
../Middleware/cJSON/cJSON.c:2484:26:cJSON_IsObject	16	static
../Middleware/cJSON/cJSON.c:2494:26:cJSON_IsRaw	16	static
../Middleware/cJSON/cJSON.c:2504:26:cJSON_Compare	40	static
../Middleware/cJSON/cJSON.c:2605:22:cJSON_malloc	16	static
../Middleware/cJSON/cJSON.c:2610:20:cJSON_free	16	static
